=== npm install ===
npm warn deprecated rimraf@3.0.2: Rimraf versions prior to v4 are no longer supported
npm warn deprecated stable@0.1.8: Modern JS already guarantees Array#sort() is a stable sort, so this library is deprecated. See the compatibility table on MDN: https://developer.mozilla.org/en-US/docs/Web/JavaScript/Reference/Global_Objects/Array/sort#browser_compatibility
npm warn deprecated inflight@1.0.6: This module is not supported, and leaks memory. Do not use it. Check out lru-cache if you want a good and tested way to coalesce async requests by a key value, which is much more comprehensive and powerful.
npm warn deprecated uuid@8.3.2: uuid@10 and below is no longer supported.  For ESM codebases, update to uuid@latest.  For CommonJS codebases, use uuid@11 (but be aware this version will likely be deprecated in 2028).
npm warn deprecated glob@7.2.3: Old versions of glob are not supported, and contain widely publicized security vulnerabilities, which have been fixed in the current version. Please update. Support for old versions may be purchased (at exorbitant rates) by contacting i@izs.me
npm warn deprecated @babel/plugin-proposal-object-rest-spread@7.20.7: This proposal has been merged to the ECMAScript standard and thus this plugin is no longer maintained. Please use @babel/plugin-transform-object-rest-spread instead.

added 782 packages in 23s
npm_status=0
=== npm production build ===

> production
> mix --production

[webpack-cli] [31mError: Cannot find module 'webpack/lib/SizeFormatHelpers'
Require stack:
- /home/runner/work/palomnik/palomnik/node_modules/laravel-mix/src/webpackPlugins/BuildOutputPlugin.js
- /home/runner/work/palomnik/palomnik/node_modules/laravel-mix/src/builder/webpack-plugins.js
- /home/runner/work/palomnik/palomnik/node_modules/laravel-mix/src/builder/WebpackConfig.js
- /home/runner/work/palomnik/palomnik/node_modules/laravel-mix/src/Mix.js
- /home/runner/work/palomnik/palomnik/node_modules/laravel-mix/setup/webpack.config.js
- /home/runner/work/palomnik/palomnik/node_modules/webpack-cli/lib/webpack-cli.js
- /home/runner/work/palomnik/palomnik/node_modules/webpack-cli/lib/bootstrap.js
- /home/runner/work/palomnik/palomnik/node_modules/webpack-cli/bin/cli.js
- /home/runner/work/palomnik/palomnik/node_modules/webpack/bin/webpack.js
    at Module._resolveFilename (node:internal/modules/cjs/loader:1207:15)
    at Module._load (node:internal/modules/cjs/loader:1038:27)
    at Module.require (node:internal/modules/cjs/loader:1289:19)
    at require (node:internal/modules/helpers:182:18)
    at Object.<anonymous> (/home/runner/work/palomnik/palomnik/node_modules/laravel-mix/src/webpackPlugins/BuildOutputPlugin.js:6:24)
    at Module._compile (node:internal/modules/cjs/loader:1521:14)
    at Module._extensions..js (node:internal/modules/cjs/loader:1623:10)
    at Module.load (node:internal/modules/cjs/loader:1266:32)
    at Module._load (node:internal/modules/cjs/loader:1091:12)
    at Module.require (node:internal/modules/cjs/loader:1289:19) {
  code: 'MODULE_NOT_FOUND',
  requireStack: [
    '/home/runner/work/palomnik/palomnik/node_modules/laravel-mix/src/webpackPlugins/BuildOutputPlugin.js',
    '/home/runner/work/palomnik/palomnik/node_modules/laravel-mix/src/builder/webpack-plugins.js',
    '/home/runner/work/palomnik/palomnik/node_modules/laravel-mix/src/builder/WebpackConfig.js',
    '/home/runner/work/palomnik/palomnik/node_modules/laravel-mix/src/Mix.js',
    '/home/runner/work/palomnik/palomnik/node_modules/laravel-mix/setup/webpack.config.js',
    '/home/runner/work/palomnik/palomnik/node_modules/webpack-cli/lib/webpack-cli.js',
    '/home/runner/work/palomnik/palomnik/node_modules/webpack-cli/lib/bootstrap.js',
    '/home/runner/work/palomnik/palomnik/node_modules/webpack-cli/bin/cli.js',
    '/home/runner/work/palomnik/palomnik/node_modules/webpack/bin/webpack.js'
  ]
}[39m
build_status=2
=== output files ===
=== PHP setup and Blade ===
Installing dependencies from lock file (including require-dev)
Verifying lock file contents can be installed on current platform.
Package operations: 118 installs, 0 updates, 0 removals
  - Downloading doctrine/inflector (2.1.0)
  - Downloading doctrine/deprecations (1.1.6)
  - Downloading doctrine/lexer (2.1.1)
  - Downloading dragonmantank/cron-expression (v3.5.0)
  - Downloading symfony/deprecation-contracts (v3.0.2)
  - Downloading psr/container (2.0.2)
  - Downloading fakerphp/faker (v1.24.1)
  - Downloading voku/portable-ascii (2.1.1)
  - Downloading symfony/polyfill-php80 (v1.37.0)
  - Downloading symfony/polyfill-mbstring (v1.38.2)
  - Downloading symfony/polyfill-ctype (v1.37.0)
  - Downloading phpoption/phpoption (1.9.5)
  - Downloading graham-campbell/result-type (v1.1.4)
  - Downloading vlucas/phpdotenv (v5.6.4)
  - Downloading symfony/css-selector (v6.0.19)
  - Downloading tijsverkoyen/css-to-inline-styles (v2.4.0)
  - Downloading symfony/var-dumper (v6.0.19)
  - Downloading symfony/polyfill-uuid (v1.37.0)
  - Downloading symfony/uid (v6.0.19)
  - Downloading symfony/routing (6.0.x-dev e56ca9b)
  - Downloading symfony/process (6.0.x-dev 2114fd6)
  - Downloading symfony/polyfill-intl-normalizer (v1.38.0)
  - Downloading symfony/polyfill-intl-idn (v1.38.1)
  - Downloading symfony/mime (6.0.x-dev d705254)
  - Downloading symfony/service-contracts (v3.0.2)
  - Downloading psr/event-dispatcher (1.0.0)
  - Downloading symfony/event-dispatcher-contracts (v3.0.2)
  - Downloading symfony/event-dispatcher (v6.0.19)
  - Downloading psr/log (3.0.2)
  - Downloading egulias/email-validator (3.2.6)
  - Downloading symfony/mailer (6.0.x-dev cd60799)
  - Downloading symfony/http-foundation (6.0.x-dev e16b267)
  - Downloading symfony/error-handler (v6.0.19)
  - Downloading symfony/http-kernel (v6.0.20)
  - Downloading symfony/finder (v6.0.19)
  - Downloading symfony/polyfill-intl-grapheme (v1.38.1)
  - Downloading symfony/string (v6.0.19)
  - Downloading symfony/console (v6.0.19)
  - Downloading symfony/polyfill-php81 (v1.38.1)
  - Downloading ramsey/collection (1.3.0)
  - Downloading brick/math (0.11.0)
  - Downloading ramsey/uuid (4.9.3)
  - Downloading psr/simple-cache (3.0.0)
  - Downloading nunomaduro/termwind (v1.15.1)
  - Downloading symfony/translation-contracts (v3.0.2)
  - Downloading symfony/translation (v6.0.19)
  - Downloading psr/clock (1.0.0)
  - Downloading carbonphp/carbon-doctrine-types (2.1.0)
  - Downloading nesbot/carbon (2.73.0)
  - Downloading monolog/monolog (2.11.0)
  - Downloading league/mime-type-detection (1.17.0)
  - Downloading league/flysystem (3.35.2)
  - Downloading league/flysystem-local (3.31.0)
  - Downloading nette/utils (v4.0.10)
  - Downloading nette/schema (v1.2.5)
  - Downloading dflydev/dot-access-data (v3.0.3)
  - Downloading league/config (v1.2.0)
  - Downloading league/commonmark (2.8.3)
  - Downloading laravel/serializable-closure (v1.3.7)
  - Downloading guzzlehttp/uri-template (v1.0.10)
  - Downloading fruitcake/php-cors (v1.3.0)
  - Downloading laravel/framework (9.x-dev 6055d95)
  - Downloading asm89/stack-cors (v2.4.0)
  - Downloading fruitcake/laravel-cors (v2.2.0)
  - Downloading guzzlehttp/promises (2.5.1)
  - Downloading symfony/yaml (v6.0.19)
  - Downloading laravel/sail (v1.63.0)
  - Downloading laravel/sanctum (v2.15.1)
  - Downloading paragonie/random_compat (v9.99.100)
  - Downloading paragonie/constant_time_encoding (v3.1.3)
  - Downloading phpseclib/phpseclib (3.0.55)
  - Downloading ralouphie/getallheaders (3.0.3)
  - Downloading psr/http-message (2.0)
  - Downloading psr/http-factory (1.1.0)
  - Downloading guzzlehttp/psr7 (2.13.0)
  - Downloading psr/http-client (1.0.3)
  - Downloading guzzlehttp/guzzle (7.15.1)
  - Downloading league/oauth1-client (v1.11.0)
  - Downloading firebase/php-jwt (v7.1.0)
  - Downloading laravel/socialite (v5.29.0)
  - Downloading nikic/php-parser (v5.8.0)
  - Downloading psy/psysh (v0.12.24)
  - Downloading laravel/tinker (v2.11.1)
  - Downloading hamcrest/hamcrest-php (v2.1.1)
  - Downloading mockery/mockery (1.6.12)
  - Downloading filp/whoops (2.18.4)
  - Downloading nunomaduro/collision (v6.4.0)
  - Downloading sebastian/version (3.0.2)
  - Downloading sebastian/type (3.2.1)
  - Downloading sebastian/resource-operations (3.0.4)
  - Downloading sebastian/recursion-context (4.0.6)
  - Downloading sebastian/object-reflector (2.0.4)
  - Downloading sebastian/object-enumerator (4.0.4)
  - Downloading sebastian/global-state (5.0.8)
  - Downloading sebastian/exporter (4.0.8)
  - Downloading sebastian/environment (5.1.5)
  - Downloading sebastian/diff (4.0.6)
  - Downloading sebastian/comparator (4.0.10)
  - Downloading sebastian/code-unit (1.0.8)
  - Downloading sebastian/cli-parser (1.0.2)
  - Downloading phpunit/php-timer (5.0.3)
  - Downloading phpunit/php-text-template (2.0.4)
  - Downloading phpunit/php-invoker (3.1.1)
  - Downloading phpunit/php-file-iterator (3.0.6)
  - Downloading theseer/tokenizer (1.3.1)
  - Downloading sebastian/lines-of-code (1.0.4)
  - Downloading sebastian/complexity (2.0.3)
  - Downloading sebastian/code-unit-reverse-lookup (2.0.3)
  - Downloading phpunit/php-code-coverage (9.2.32)
  - Downloading phar-io/version (3.2.1)
  - Downloading phar-io/manifest (2.0.4)
  - Downloading myclabs/deep-copy (1.13.4)
  - Downloading doctrine/instantiator (1.5.0)
  - Downloading phpunit/phpunit (9.6.35)
  - Downloading spatie/backtrace (1.8.2)
  - Downloading spatie/flare-client-php (1.11.1)
  - Downloading spatie/ignition (1.14.2)
  - Downloading spatie/laravel-ignition (1.7.2)
  - Installing doctrine/inflector (2.1.0): Extracting archive
  - Installing doctrine/deprecations (1.1.6): Extracting archive
  - Installing doctrine/lexer (2.1.1): Extracting archive
  - Installing dragonmantank/cron-expression (v3.5.0): Extracting archive
  - Installing symfony/deprecation-contracts (v3.0.2): Extracting archive
  - Installing psr/container (2.0.2): Extracting archive
  - Installing fakerphp/faker (v1.24.1): Extracting archive
  - Installing voku/portable-ascii (2.1.1): Extracting archive
  - Installing symfony/polyfill-php80 (v1.37.0): Extracting archive
  - Installing symfony/polyfill-mbstring (v1.38.2): Extracting archive
  - Installing symfony/polyfill-ctype (v1.37.0): Extracting archive
  - Installing phpoption/phpoption (1.9.5): Extracting archive
  - Installing graham-campbell/result-type (v1.1.4): Extracting archive
  - Installing vlucas/phpdotenv (v5.6.4): Extracting archive
  - Installing symfony/css-selector (v6.0.19): Extracting archive
  - Installing tijsverkoyen/css-to-inline-styles (v2.4.0): Extracting archive
  - Installing symfony/var-dumper (v6.0.19): Extracting archive
  - Installing symfony/polyfill-uuid (v1.37.0): Extracting archive
  - Installing symfony/uid (v6.0.19): Extracting archive
  - Installing symfony/routing (6.0.x-dev e56ca9b): Extracting archive
  - Installing symfony/process (6.0.x-dev 2114fd6): Extracting archive
  - Installing symfony/polyfill-intl-normalizer (v1.38.0): Extracting archive
  - Installing symfony/polyfill-intl-idn (v1.38.1): Extracting archive
  - Installing symfony/mime (6.0.x-dev d705254): Extracting archive
  - Installing symfony/service-contracts (v3.0.2): Extracting archive
  - Installing psr/event-dispatcher (1.0.0): Extracting archive
  - Installing symfony/event-dispatcher-contracts (v3.0.2): Extracting archive
  - Installing symfony/event-dispatcher (v6.0.19): Extracting archive
  - Installing psr/log (3.0.2): Extracting archive
  - Installing egulias/email-validator (3.2.6): Extracting archive
  - Installing symfony/mailer (6.0.x-dev cd60799): Extracting archive
  - Installing symfony/http-foundation (6.0.x-dev e16b267): Extracting archive
  - Installing symfony/error-handler (v6.0.19): Extracting archive
  - Installing symfony/http-kernel (v6.0.20): Extracting archive
  - Installing symfony/finder (v6.0.19): Extracting archive
  - Installing symfony/polyfill-intl-grapheme (v1.38.1): Extracting archive
  - Installing symfony/string (v6.0.19): Extracting archive
  - Installing symfony/console (v6.0.19): Extracting archive
  - Installing symfony/polyfill-php81 (v1.38.1): Extracting archive
  - Installing ramsey/collection (1.3.0): Extracting archive
  - Installing brick/math (0.11.0): Extracting archive
  - Installing ramsey/uuid (4.9.3): Extracting archive
  - Installing psr/simple-cache (3.0.0): Extracting archive
  - Installing nunomaduro/termwind (v1.15.1): Extracting archive
  - Installing symfony/translation-contracts (v3.0.2): Extracting archive
  - Installing symfony/translation (v6.0.19): Extracting archive
  - Installing psr/clock (1.0.0): Extracting archive
  - Installing carbonphp/carbon-doctrine-types (2.1.0): Extracting archive
  - Installing nesbot/carbon (2.73.0): Extracting archive
  - Installing monolog/monolog (2.11.0): Extracting archive
  - Installing league/mime-type-detection (1.17.0): Extracting archive
  - Installing league/flysystem (3.35.2): Extracting archive
  - Installing league/flysystem-local (3.31.0): Extracting archive
  - Installing nette/utils (v4.0.10): Extracting archive
  - Installing nette/schema (v1.2.5): Extracting archive
  - Installing dflydev/dot-access-data (v3.0.3): Extracting archive
  - Installing league/config (v1.2.0): Extracting archive
  - Installing league/commonmark (2.8.3): Extracting archive
  - Installing laravel/serializable-closure (v1.3.7): Extracting archive
  - Installing guzzlehttp/uri-template (v1.0.10): Extracting archive
  - Installing fruitcake/php-cors (v1.3.0): Extracting archive
  - Installing laravel/framework (9.x-dev 6055d95): Extracting archive
  - Installing asm89/stack-cors (v2.4.0): Extracting archive
  - Installing fruitcake/laravel-cors (v2.2.0): Extracting archive
  - Installing guzzlehttp/promises (2.5.1): Extracting archive
  - Installing symfony/yaml (v6.0.19): Extracting archive
  - Installing laravel/sail (v1.63.0): Extracting archive
  - Installing laravel/sanctum (v2.15.1): Extracting archive
  - Installing paragonie/random_compat (v9.99.100): Extracting archive
  - Installing paragonie/constant_time_encoding (v3.1.3): Extracting archive
  - Installing phpseclib/phpseclib (3.0.55): Extracting archive
  - Installing ralouphie/getallheaders (3.0.3): Extracting archive
  - Installing psr/http-message (2.0): Extracting archive
  - Installing psr/http-factory (1.1.0): Extracting archive
  - Installing guzzlehttp/psr7 (2.13.0): Extracting archive
  - Installing psr/http-client (1.0.3): Extracting archive
  - Installing guzzlehttp/guzzle (7.15.1): Extracting archive
  - Installing league/oauth1-client (v1.11.0): Extracting archive
  - Installing firebase/php-jwt (v7.1.0): Extracting archive
  - Installing laravel/socialite (v5.29.0): Extracting archive
  - Installing nikic/php-parser (v5.8.0): Extracting archive
  - Installing psy/psysh (v0.12.24): Extracting archive
  - Installing laravel/tinker (v2.11.1): Extracting archive
  - Installing hamcrest/hamcrest-php (v2.1.1): Extracting archive
  - Installing mockery/mockery (1.6.12): Extracting archive
  - Installing filp/whoops (2.18.4): Extracting archive
  - Installing nunomaduro/collision (v6.4.0): Extracting archive
  - Installing sebastian/version (3.0.2): Extracting archive
  - Installing sebastian/type (3.2.1): Extracting archive
  - Installing sebastian/resource-operations (3.0.4): Extracting archive
  - Installing sebastian/recursion-context (4.0.6): Extracting archive
  - Installing sebastian/object-reflector (2.0.4): Extracting archive
  - Installing sebastian/object-enumerator (4.0.4): Extracting archive
  - Installing sebastian/global-state (5.0.8): Extracting archive
  - Installing sebastian/exporter (4.0.8): Extracting archive
  - Installing sebastian/environment (5.1.5): Extracting archive
  - Installing sebastian/diff (4.0.6): Extracting archive
  - Installing sebastian/comparator (4.0.10): Extracting archive
  - Installing sebastian/code-unit (1.0.8): Extracting archive
  - Installing sebastian/cli-parser (1.0.2): Extracting archive
  - Installing phpunit/php-timer (5.0.3): Extracting archive
  - Installing phpunit/php-text-template (2.0.4): Extracting archive
  - Installing phpunit/php-invoker (3.1.1): Extracting archive
  - Installing phpunit/php-file-iterator (3.0.6): Extracting archive
  - Installing theseer/tokenizer (1.3.1): Extracting archive
  - Installing sebastian/lines-of-code (1.0.4): Extracting archive
  - Installing sebastian/complexity (2.0.3): Extracting archive
  - Installing sebastian/code-unit-reverse-lookup (2.0.3): Extracting archive
  - Installing phpunit/php-code-coverage (9.2.32): Extracting archive
  - Installing phar-io/version (3.2.1): Extracting archive
  - Installing phar-io/manifest (2.0.4): Extracting archive
  - Installing myclabs/deep-copy (1.13.4): Extracting archive
  - Installing doctrine/instantiator (1.5.0): Extracting archive
  - Installing phpunit/phpunit (9.6.35): Extracting archive
  - Installing spatie/backtrace (1.8.2): Extracting archive
  - Installing spatie/flare-client-php (1.11.1): Extracting archive
  - Installing spatie/ignition (1.14.2): Extracting archive
  - Installing spatie/laravel-ignition (1.7.2): Extracting archive
Package fruitcake/laravel-cors is abandoned, you should avoid using it. No replacement was suggested.
Generating optimized autoload files
> Illuminate\Foundation\ComposerScripts::postAutoloadDump
> @php artisan package:discover --ansi

  [37;44m INFO [39;49m Discovering packages.  

  fruitcake/laravel-cors [90m.[39m[90m.[39m[90m.[39m[90m.[39m[90m.[39m[90m.[39m[90m.[39m[90m.[39m[90m.[39m[90m.[39m[90m.[39m[90m.[39m[90m.[39m[90m.[39m[90m.[39m[90m.[39m[90m.[39m[90m.[39m[90m.[39m[90m.[39m[90m.[39m[90m.[39m[90m.[39m[90m.[39m[90m.[39m[90m.[39m[90m.[39m[90m.[39m[90m.[39m[90m.[39m[90m.[39m[90m.[39m[90m.[39m[90m.[39m[90m.[39m[90m.[39m[90m.[39m[90m.[39m[90m.[39m[90m.[39m[90m.[39m[90m.[39m[90m.[39m[90m.[39m[90m.[39m[90m.[39m[90m.[39m[90m.[39m [32;1mDONE[39;22m
  laravel/sail [90m.[39m[90m.[39m[90m.[39m[90m.[39m[90m.[39m[90m.[39m[90m.[39m[90m.[39m[90m.[39m[90m.[39m[90m.[39m[90m.[39m[90m.[39m[90m.[39m[90m.[39m[90m.[39m[90m.[39m[90m.[39m[90m.[39m[90m.[39m[90m.[39m[90m.[39m[90m.[39m[90m.[39m[90m.[39m[90m.[39m[90m.[39m[90m.[39m[90m.[39m[90m.[39m[90m.[39m[90m.[39m[90m.[39m[90m.[39m[90m.[39m[90m.[39m[90m.[39m[90m.[39m[90m.[39m[90m.[39m[90m.[39m[90m.[39m[90m.[39m[90m.[39m[90m.[39m[90m.[39m[90m.[39m[90m.[39m[90m.[39m[90m.[39m[90m.[39m[90m.[39m[90m.[39m[90m.[39m[90m.[39m[90m.[39m[90m.[39m[90m.[39m [32;1mDONE[39;22m
  laravel/sanctum [90m.[39m[90m.[39m[90m.[39m[90m.[39m[90m.[39m[90m.[39m[90m.[39m[90m.[39m[90m.[39m[90m.[39m[90m.[39m[90m.[39m[90m.[39m[90m.[39m[90m.[39m[90m.[39m[90m.[39m[90m.[39m[90m.[39m[90m.[39m[90m.[39m[90m.[39m[90m.[39m[90m.[39m[90m.[39m[90m.[39m[90m.[39m[90m.[39m[90m.[39m[90m.[39m[90m.[39m[90m.[39m[90m.[39m[90m.[39m[90m.[39m[90m.[39m[90m.[39m[90m.[39m[90m.[39m[90m.[39m[90m.[39m[90m.[39m[90m.[39m[90m.[39m[90m.[39m[90m.[39m[90m.[39m[90m.[39m[90m.[39m[90m.[39m[90m.[39m[90m.[39m[90m.[39m[90m.[39m[90m.[39m [32;1mDONE[39;22m
  laravel/socialite [90m.[39m[90m.[39m[90m.[39m[90m.[39m[90m.[39m[90m.[39m[90m.[39m[90m.[39m[90m.[39m[90m.[39m[90m.[39m[90m.[39m[90m.[39m[90m.[39m[90m.[39m[90m.[39m[90m.[39m[90m.[39m[90m.[39m[90m.[39m[90m.[39m[90m.[39m[90m.[39m[90m.[39m[90m.[39m[90m.[39m[90m.[39m[90m.[39m[90m.[39m[90m.[39m[90m.[39m[90m.[39m[90m.[39m[90m.[39m[90m.[39m[90m.[39m[90m.[39m[90m.[39m[90m.[39m[90m.[39m[90m.[39m[90m.[39m[90m.[39m[90m.[39m[90m.[39m[90m.[39m[90m.[39m[90m.[39m[90m.[39m[90m.[39m[90m.[39m[90m.[39m[90m.[39m [32;1mDONE[39;22m
  laravel/tinker [90m.[39m[90m.[39m[90m.[39m[90m.[39m[90m.[39m[90m.[39m[90m.[39m[90m.[39m[90m.[39m[90m.[39m[90m.[39m[90m.[39m[90m.[39m[90m.[39m[90m.[39m[90m.[39m[90m.[39m[90m.[39m[90m.[39m[90m.[39m[90m.[39m[90m.[39m[90m.[39m[90m.[39m[90m.[39m[90m.[39m[90m.[39m[90m.[39m[90m.[39m[90m.[39m[90m.[39m[90m.[39m[90m.[39m[90m.[39m[90m.[39m[90m.[39m[90m.[39m[90m.[39m[90m.[39m[90m.[39m[90m.[39m[90m.[39m[90m.[39m[90m.[39m[90m.[39m[90m.[39m[90m.[39m[90m.[39m[90m.[39m[90m.[39m[90m.[39m[90m.[39m[90m.[39m[90m.[39m[90m.[39m[90m.[39m [32;1mDONE[39;22m
  nesbot/carbon [90m.[39m[90m.[39m[90m.[39m[90m.[39m[90m.[39m[90m.[39m[90m.[39m[90m.[39m[90m.[39m[90m.[39m[90m.[39m[90m.[39m[90m.[39m[90m.[39m[90m.[39m[90m.[39m[90m.[39m[90m.[39m[90m.[39m[90m.[39m[90m.[39m[90m.[39m[90m.[39m[90m.[39m[90m.[39m[90m.[39m[90m.[39m[90m.[39m[90m.[39m[90m.[39m[90m.[39m[90m.[39m[90m.[39m[90m.[39m[90m.[39m[90m.[39m[90m.[39m[90m.[39m[90m.[39m[90m.[39m[90m.[39m[90m.[39m[90m.[39m[90m.[39m[90m.[39m[90m.[39m[90m.[39m[90m.[39m[90m.[39m[90m.[39m[90m.[39m[90m.[39m[90m.[39m[90m.[39m[90m.[39m[90m.[39m[90m.[39m [32;1mDONE[39;22m
  nunomaduro/collision [90m.[39m[90m.[39m[90m.[39m[90m.[39m[90m.[39m[90m.[39m[90m.[39m[90m.[39m[90m.[39m[90m.[39m[90m.[39m[90m.[39m[90m.[39m[90m.[39m[90m.[39m[90m.[39m[90m.[39m[90m.[39m[90m.[39m[90m.[39m[90m.[39m[90m.[39m[90m.[39m[90m.[39m[90m.[39m[90m.[39m[90m.[39m[90m.[39m[90m.[39m[90m.[39m[90m.[39m[90m.[39m[90m.[39m[90m.[39m[90m.[39m[90m.[39m[90m.[39m[90m.[39m[90m.[39m[90m.[39m[90m.[39m[90m.[39m[90m.[39m[90m.[39m[90m.[39m[90m.[39m[90m.[39m[90m.[39m[90m.[39m[90m.[39m [32;1mDONE[39;22m
  nunomaduro/termwind [90m.[39m[90m.[39m[90m.[39m[90m.[39m[90m.[39m[90m.[39m[90m.[39m[90m.[39m[90m.[39m[90m.[39m[90m.[39m[90m.[39m[90m.[39m[90m.[39m[90m.[39m[90m.[39m[90m.[39m[90m.[39m[90m.[39m[90m.[39m[90m.[39m[90m.[39m[90m.[39m[90m.[39m[90m.[39m[90m.[39m[90m.[39m[90m.[39m[90m.[39m[90m.[39m[90m.[39m[90m.[39m[90m.[39m[90m.[39m[90m.[39m[90m.[39m[90m.[39m[90m.[39m[90m.[39m[90m.[39m[90m.[39m[90m.[39m[90m.[39m[90m.[39m[90m.[39m[90m.[39m[90m.[39m[90m.[39m[90m.[39m[90m.[39m[90m.[39m [32;1mDONE[39;22m
  spatie/laravel-ignition [90m.[39m[90m.[39m[90m.[39m[90m.[39m[90m.[39m[90m.[39m[90m.[39m[90m.[39m[90m.[39m[90m.[39m[90m.[39m[90m.[39m[90m.[39m[90m.[39m[90m.[39m[90m.[39m[90m.[39m[90m.[39m[90m.[39m[90m.[39m[90m.[39m[90m.[39m[90m.[39m[90m.[39m[90m.[39m[90m.[39m[90m.[39m[90m.[39m[90m.[39m[90m.[39m[90m.[39m[90m.[39m[90m.[39m[90m.[39m[90m.[39m[90m.[39m[90m.[39m[90m.[39m[90m.[39m[90m.[39m[90m.[39m[90m.[39m[90m.[39m[90m.[39m[90m.[39m[90m.[39m[90m.[39m [32;1mDONE[39;22m

84 packages you are using are looking for funding.
Use the `composer fund` command to find out more!

   INFO  Application key set successfully.  


   INFO  Blade templates cached successfully.  

composer_status=0
blade_status=0
