Installing dependencies from lock file (including require-dev)
Verifying lock file contents can be installed on current platform.
Package operations: 118 installs, 0 updates, 0 removals
  - Downloading doctrine/inflector (2.1.0)
  - Downloading doctrine/deprecations (1.1.6)
  - Downloading doctrine/lexer (2.1.1)
  - Downloading dragonmantank/cron-expression (v3.5.0)
  - Downloading symfony/deprecation-contracts (v3.0.2)
  - Downloading psr/container (2.0.2)
  - Downloading fakerphp/faker (v1.24.1)
  - Downloading voku/portable-ascii (2.1.1)
  - Downloading symfony/polyfill-php80 (v1.37.0)
  - Downloading symfony/polyfill-mbstring (v1.38.2)
  - Downloading symfony/polyfill-ctype (v1.37.0)
  - Downloading phpoption/phpoption (1.9.5)
  - Downloading graham-campbell/result-type (v1.1.4)
  - Downloading vlucas/phpdotenv (v5.6.4)
  - Downloading symfony/css-selector (v6.0.19)
  - Downloading tijsverkoyen/css-to-inline-styles (v2.4.0)
  - Downloading symfony/var-dumper (v6.0.19)
  - Downloading symfony/polyfill-uuid (v1.37.0)
  - Downloading symfony/uid (v6.0.19)
  - Downloading symfony/routing (6.0.x-dev e56ca9b)
  - Downloading symfony/process (6.0.x-dev 2114fd6)
  - Downloading symfony/polyfill-intl-normalizer (v1.38.0)
  - Downloading symfony/polyfill-intl-idn (v1.38.1)
  - Downloading symfony/mime (6.0.x-dev d705254)
  - Downloading symfony/service-contracts (v3.0.2)
  - Downloading psr/event-dispatcher (1.0.0)
  - Downloading symfony/event-dispatcher-contracts (v3.0.2)
  - Downloading symfony/event-dispatcher (v6.0.19)
  - Downloading psr/log (3.0.2)
  - Downloading egulias/email-validator (3.2.6)
  - Downloading symfony/mailer (6.0.x-dev cd60799)
  - Downloading symfony/http-foundation (6.0.x-dev e16b267)
  - Downloading symfony/error-handler (v6.0.19)
  - Downloading symfony/http-kernel (v6.0.20)
  - Downloading symfony/finder (v6.0.19)
  - Downloading symfony/polyfill-intl-grapheme (v1.38.1)
  - Downloading symfony/string (v6.0.19)
  - Downloading symfony/console (v6.0.19)
  - Downloading symfony/polyfill-php81 (v1.38.1)
  - Downloading ramsey/collection (1.3.0)
  - Downloading brick/math (0.11.0)
  - Downloading ramsey/uuid (4.9.3)
  - Downloading psr/simple-cache (3.0.0)
  - Downloading nunomaduro/termwind (v1.15.1)
  - Downloading symfony/translation-contracts (v3.0.2)
  - Downloading symfony/translation (v6.0.19)
  - Downloading psr/clock (1.0.0)
  - Downloading carbonphp/carbon-doctrine-types (2.1.0)
  - Downloading nesbot/carbon (2.73.0)
  - Downloading monolog/monolog (2.11.0)
  - Downloading league/mime-type-detection (1.17.0)
  - Downloading league/flysystem (3.35.2)
  - Downloading league/flysystem-local (3.31.0)
  - Downloading nette/utils (v4.0.10)
  - Downloading nette/schema (v1.2.5)
  - Downloading dflydev/dot-access-data (v3.0.3)
  - Downloading league/config (v1.2.0)
  - Downloading league/commonmark (2.8.3)
  - Downloading laravel/serializable-closure (v1.3.7)
  - Downloading guzzlehttp/uri-template (v1.0.10)
  - Downloading fruitcake/php-cors (v1.3.0)
  - Downloading laravel/framework (9.x-dev 6055d95)
  - Downloading asm89/stack-cors (v2.4.0)
  - Downloading fruitcake/laravel-cors (v2.2.0)
  - Downloading guzzlehttp/promises (2.5.1)
  - Downloading symfony/yaml (v6.0.19)
  - Downloading laravel/sail (v1.63.0)
  - Downloading laravel/sanctum (v2.15.1)
  - Downloading paragonie/random_compat (v9.99.100)
  - Downloading paragonie/constant_time_encoding (v3.1.3)
  - Downloading phpseclib/phpseclib (3.0.55)
  - Downloading ralouphie/getallheaders (3.0.3)
  - Downloading psr/http-message (2.0)
  - Downloading psr/http-factory (1.1.0)
  - Downloading guzzlehttp/psr7 (2.13.0)
  - Downloading psr/http-client (1.0.3)
  - Downloading guzzlehttp/guzzle (7.15.1)
  - Downloading league/oauth1-client (v1.11.0)
  - Downloading firebase/php-jwt (v7.1.0)
  - Downloading laravel/socialite (v5.29.0)
  - Downloading nikic/php-parser (v5.8.0)
  - Downloading psy/psysh (v0.12.24)
  - Downloading laravel/tinker (v2.11.1)
  - Downloading hamcrest/hamcrest-php (v2.1.1)
  - Downloading mockery/mockery (1.6.12)
  - Downloading filp/whoops (2.18.4)
  - Downloading nunomaduro/collision (v6.4.0)
  - Downloading sebastian/version (3.0.2)
  - Downloading sebastian/type (3.2.1)
  - Downloading sebastian/resource-operations (3.0.4)
  - Downloading sebastian/recursion-context (4.0.6)
  - Downloading sebastian/object-reflector (2.0.4)
  - Downloading sebastian/object-enumerator (4.0.4)
  - Downloading sebastian/global-state (5.0.8)
  - Downloading sebastian/exporter (4.0.8)
  - Downloading sebastian/environment (5.1.5)
  - Downloading sebastian/diff (4.0.6)
  - Downloading sebastian/comparator (4.0.10)
  - Downloading sebastian/code-unit (1.0.8)
  - Downloading sebastian/cli-parser (1.0.2)
  - Downloading phpunit/php-timer (5.0.3)
  - Downloading phpunit/php-text-template (2.0.4)
  - Downloading phpunit/php-invoker (3.1.1)
  - Downloading phpunit/php-file-iterator (3.0.6)
  - Downloading theseer/tokenizer (1.3.1)
  - Downloading sebastian/lines-of-code (1.0.4)
  - Downloading sebastian/complexity (2.0.3)
  - Downloading sebastian/code-unit-reverse-lookup (2.0.3)
  - Downloading phpunit/php-code-coverage (9.2.32)
  - Downloading phar-io/version (3.2.1)
  - Downloading phar-io/manifest (2.0.4)
  - Downloading myclabs/deep-copy (1.13.4)
  - Downloading doctrine/instantiator (1.5.0)
  - Downloading phpunit/phpunit (9.6.35)
  - Downloading spatie/backtrace (1.8.2)
  - Downloading spatie/flare-client-php (1.11.1)
  - Downloading spatie/ignition (1.14.2)
  - Downloading spatie/laravel-ignition (1.7.2)
  - Installing doctrine/inflector (2.1.0): Extracting archive
  - Installing doctrine/deprecations (1.1.6): Extracting archive
  - Installing doctrine/lexer (2.1.1): Extracting archive
  - Installing dragonmantank/cron-expression (v3.5.0): Extracting archive
  - Installing symfony/deprecation-contracts (v3.0.2): Extracting archive
  - Installing psr/container (2.0.2): Extracting archive
  - Installing fakerphp/faker (v1.24.1): Extracting archive
  - Installing voku/portable-ascii (2.1.1): Extracting archive
  - Installing symfony/polyfill-php80 (v1.37.0): Extracting archive
  - Installing symfony/polyfill-mbstring (v1.38.2): Extracting archive
  - Installing symfony/polyfill-ctype (v1.37.0): Extracting archive
  - Installing phpoption/phpoption (1.9.5): Extracting archive
  - Installing graham-campbell/result-type (v1.1.4): Extracting archive
  - Installing vlucas/phpdotenv (v5.6.4): Extracting archive
  - Installing symfony/css-selector (v6.0.19): Extracting archive
  - Installing tijsverkoyen/css-to-inline-styles (v2.4.0): Extracting archive
  - Installing symfony/var-dumper (v6.0.19): Extracting archive
  - Installing symfony/polyfill-uuid (v1.37.0): Extracting archive
  - Installing symfony/uid (v6.0.19): Extracting archive
  - Installing symfony/routing (6.0.x-dev e56ca9b): Extracting archive
  - Installing symfony/process (6.0.x-dev 2114fd6): Extracting archive
  - Installing symfony/polyfill-intl-normalizer (v1.38.0): Extracting archive
  - Installing symfony/polyfill-intl-idn (v1.38.1): Extracting archive
  - Installing symfony/mime (6.0.x-dev d705254): Extracting archive
  - Installing symfony/service-contracts (v3.0.2): Extracting archive
  - Installing psr/event-dispatcher (1.0.0): Extracting archive
  - Installing symfony/event-dispatcher-contracts (v3.0.2): Extracting archive
  - Installing symfony/event-dispatcher (v6.0.19): Extracting archive
  - Installing psr/log (3.0.2): Extracting archive
  - Installing egulias/email-validator (3.2.6): Extracting archive
  - Installing symfony/mailer (6.0.x-dev cd60799): Extracting archive
  - Installing symfony/http-foundation (6.0.x-dev e16b267): Extracting archive
  - Installing symfony/error-handler (v6.0.19): Extracting archive
  - Installing symfony/http-kernel (v6.0.20): Extracting archive
  - Installing symfony/finder (v6.0.19): Extracting archive
  - Installing symfony/polyfill-intl-grapheme (v1.38.1): Extracting archive
  - Installing symfony/string (v6.0.19): Extracting archive
  - Installing symfony/console (v6.0.19): Extracting archive
  - Installing symfony/polyfill-php81 (v1.38.1): Extracting archive
  - Installing ramsey/collection (1.3.0): Extracting archive
  - Installing brick/math (0.11.0): Extracting archive
  - Installing ramsey/uuid (4.9.3): Extracting archive
  - Installing psr/simple-cache (3.0.0): Extracting archive
  - Installing nunomaduro/termwind (v1.15.1): Extracting archive
  - Installing symfony/translation-contracts (v3.0.2): Extracting archive
  - Installing symfony/translation (v6.0.19): Extracting archive
  - Installing psr/clock (1.0.0): Extracting archive
  - Installing carbonphp/carbon-doctrine-types (2.1.0): Extracting archive
  - Installing nesbot/carbon (2.73.0): Extracting archive
  - Installing monolog/monolog (2.11.0): Extracting archive
  - Installing league/mime-type-detection (1.17.0): Extracting archive
  - Installing league/flysystem (3.35.2): Extracting archive
  - Installing league/flysystem-local (3.31.0): Extracting archive
  - Installing nette/utils (v4.0.10): Extracting archive
  - Installing nette/schema (v1.2.5): Extracting archive
  - Installing dflydev/dot-access-data (v3.0.3): Extracting archive
  - Installing league/config (v1.2.0): Extracting archive
  - Installing league/commonmark (2.8.3): Extracting archive
  - Installing laravel/serializable-closure (v1.3.7): Extracting archive
  - Installing guzzlehttp/uri-template (v1.0.10): Extracting archive
  - Installing fruitcake/php-cors (v1.3.0): Extracting archive
  - Installing laravel/framework (9.x-dev 6055d95): Extracting archive
  - Installing asm89/stack-cors (v2.4.0): Extracting archive
  - Installing fruitcake/laravel-cors (v2.2.0): Extracting archive
  - Installing guzzlehttp/promises (2.5.1): Extracting archive
  - Installing symfony/yaml (v6.0.19): Extracting archive
  - Installing laravel/sail (v1.63.0): Extracting archive
  - Installing laravel/sanctum (v2.15.1): Extracting archive
  - Installing paragonie/random_compat (v9.99.100): Extracting archive
  - Installing paragonie/constant_time_encoding (v3.1.3): Extracting archive
  - Installing phpseclib/phpseclib (3.0.55): Extracting archive
  - Installing ralouphie/getallheaders (3.0.3): Extracting archive
  - Installing psr/http-message (2.0): Extracting archive
  - Installing psr/http-factory (1.1.0): Extracting archive
  - Installing guzzlehttp/psr7 (2.13.0): Extracting archive
  - Installing psr/http-client (1.0.3): Extracting archive
  - Installing guzzlehttp/guzzle (7.15.1): Extracting archive
  - Installing league/oauth1-client (v1.11.0): Extracting archive
  - Installing firebase/php-jwt (v7.1.0): Extracting archive
  - Installing laravel/socialite (v5.29.0): Extracting archive
  - Installing nikic/php-parser (v5.8.0): Extracting archive
  - Installing psy/psysh (v0.12.24): Extracting archive
  - Installing laravel/tinker (v2.11.1): Extracting archive
  - Installing hamcrest/hamcrest-php (v2.1.1): Extracting archive
  - Installing mockery/mockery (1.6.12): Extracting archive
  - Installing filp/whoops (2.18.4): Extracting archive
  - Installing nunomaduro/collision (v6.4.0): Extracting archive
  - Installing sebastian/version (3.0.2): Extracting archive
  - Installing sebastian/type (3.2.1): Extracting archive
  - Installing sebastian/resource-operations (3.0.4): Extracting archive
  - Installing sebastian/recursion-context (4.0.6): Extracting archive
  - Installing sebastian/object-reflector (2.0.4): Extracting archive
  - Installing sebastian/object-enumerator (4.0.4): Extracting archive
  - Installing sebastian/global-state (5.0.8): Extracting archive
  - Installing sebastian/exporter (4.0.8): Extracting archive
  - Installing sebastian/environment (5.1.5): Extracting archive
  - Installing sebastian/diff (4.0.6): Extracting archive
  - Installing sebastian/comparator (4.0.10): Extracting archive
  - Installing sebastian/code-unit (1.0.8): Extracting archive
  - Installing sebastian/cli-parser (1.0.2): Extracting archive
  - Installing phpunit/php-timer (5.0.3): Extracting archive
  - Installing phpunit/php-text-template (2.0.4): Extracting archive
  - Installing phpunit/php-invoker (3.1.1): Extracting archive
  - Installing phpunit/php-file-iterator (3.0.6): Extracting archive
  - Installing theseer/tokenizer (1.3.1): Extracting archive
  - Installing sebastian/lines-of-code (1.0.4): Extracting archive
  - Installing sebastian/complexity (2.0.3): Extracting archive
  - Installing sebastian/code-unit-reverse-lookup (2.0.3): Extracting archive
  - Installing phpunit/php-code-coverage (9.2.32): Extracting archive
  - Installing phar-io/version (3.2.1): Extracting archive
  - Installing phar-io/manifest (2.0.4): Extracting archive
  - Installing myclabs/deep-copy (1.13.4): Extracting archive
  - Installing doctrine/instantiator (1.5.0): Extracting archive
  - Installing phpunit/phpunit (9.6.35): Extracting archive
  - Installing spatie/backtrace (1.8.2): Extracting archive
  - Installing spatie/flare-client-php (1.11.1): Extracting archive
  - Installing spatie/ignition (1.14.2): Extracting archive
  - Installing spatie/laravel-ignition (1.7.2): Extracting archive
Package fruitcake/laravel-cors is abandoned, you should avoid using it. No replacement was suggested.
Generating optimized autoload files
> Illuminate\Foundation\ComposerScripts::postAutoloadDump
> @php artisan package:discover --ansi

  [37;44m INFO [39;49m Discovering packages.  

  fruitcake/laravel-cors [90m.[39m[90m.[39m[90m.[39m[90m.[39m[90m.[39m[90m.[39m[90m.[39m[90m.[39m[90m.[39m[90m.[39m[90m.[39m[90m.[39m[90m.[39m[90m.[39m[90m.[39m[90m.[39m[90m.[39m[90m.[39m[90m.[39m[90m.[39m[90m.[39m[90m.[39m[90m.[39m[90m.[39m[90m.[39m[90m.[39m[90m.[39m[90m.[39m[90m.[39m[90m.[39m[90m.[39m[90m.[39m[90m.[39m[90m.[39m[90m.[39m[90m.[39m[90m.[39m[90m.[39m[90m.[39m[90m.[39m[90m.[39m[90m.[39m[90m.[39m[90m.[39m[90m.[39m[90m.[39m[90m.[39m[90m.[39m [32;1mDONE[39;22m
  laravel/sail [90m.[39m[90m.[39m[90m.[39m[90m.[39m[90m.[39m[90m.[39m[90m.[39m[90m.[39m[90m.[39m[90m.[39m[90m.[39m[90m.[39m[90m.[39m[90m.[39m[90m.[39m[90m.[39m[90m.[39m[90m.[39m[90m.[39m[90m.[39m[90m.[39m[90m.[39m[90m.[39m[90m.[39m[90m.[39m[90m.[39m[90m.[39m[90m.[39m[90m.[39m[90m.[39m[90m.[39m[90m.[39m[90m.[39m[90m.[39m[90m.[39m[90m.[39m[90m.[39m[90m.[39m[90m.[39m[90m.[39m[90m.[39m[90m.[39m[90m.[39m[90m.[39m[90m.[39m[90m.[39m[90m.[39m[90m.[39m[90m.[39m[90m.[39m[90m.[39m[90m.[39m[90m.[39m[90m.[39m[90m.[39m[90m.[39m[90m.[39m[90m.[39m [32;1mDONE[39;22m
  laravel/sanctum [90m.[39m[90m.[39m[90m.[39m[90m.[39m[90m.[39m[90m.[39m[90m.[39m[90m.[39m[90m.[39m[90m.[39m[90m.[39m[90m.[39m[90m.[39m[90m.[39m[90m.[39m[90m.[39m[90m.[39m[90m.[39m[90m.[39m[90m.[39m[90m.[39m[90m.[39m[90m.[39m[90m.[39m[90m.[39m[90m.[39m[90m.[39m[90m.[39m[90m.[39m[90m.[39m[90m.[39m[90m.[39m[90m.[39m[90m.[39m[90m.[39m[90m.[39m[90m.[39m[90m.[39m[90m.[39m[90m.[39m[90m.[39m[90m.[39m[90m.[39m[90m.[39m[90m.[39m[90m.[39m[90m.[39m[90m.[39m[90m.[39m[90m.[39m[90m.[39m[90m.[39m[90m.[39m[90m.[39m[90m.[39m [32;1mDONE[39;22m
  laravel/socialite [90m.[39m[90m.[39m[90m.[39m[90m.[39m[90m.[39m[90m.[39m[90m.[39m[90m.[39m[90m.[39m[90m.[39m[90m.[39m[90m.[39m[90m.[39m[90m.[39m[90m.[39m[90m.[39m[90m.[39m[90m.[39m[90m.[39m[90m.[39m[90m.[39m[90m.[39m[90m.[39m[90m.[39m[90m.[39m[90m.[39m[90m.[39m[90m.[39m[90m.[39m[90m.[39m[90m.[39m[90m.[39m[90m.[39m[90m.[39m[90m.[39m[90m.[39m[90m.[39m[90m.[39m[90m.[39m[90m.[39m[90m.[39m[90m.[39m[90m.[39m[90m.[39m[90m.[39m[90m.[39m[90m.[39m[90m.[39m[90m.[39m[90m.[39m[90m.[39m[90m.[39m[90m.[39m [32;1mDONE[39;22m
  laravel/tinker [90m.[39m[90m.[39m[90m.[39m[90m.[39m[90m.[39m[90m.[39m[90m.[39m[90m.[39m[90m.[39m[90m.[39m[90m.[39m[90m.[39m[90m.[39m[90m.[39m[90m.[39m[90m.[39m[90m.[39m[90m.[39m[90m.[39m[90m.[39m[90m.[39m[90m.[39m[90m.[39m[90m.[39m[90m.[39m[90m.[39m[90m.[39m[90m.[39m[90m.[39m[90m.[39m[90m.[39m[90m.[39m[90m.[39m[90m.[39m[90m.[39m[90m.[39m[90m.[39m[90m.[39m[90m.[39m[90m.[39m[90m.[39m[90m.[39m[90m.[39m[90m.[39m[90m.[39m[90m.[39m[90m.[39m[90m.[39m[90m.[39m[90m.[39m[90m.[39m[90m.[39m[90m.[39m[90m.[39m[90m.[39m[90m.[39m [32;1mDONE[39;22m
  nesbot/carbon [90m.[39m[90m.[39m[90m.[39m[90m.[39m[90m.[39m[90m.[39m[90m.[39m[90m.[39m[90m.[39m[90m.[39m[90m.[39m[90m.[39m[90m.[39m[90m.[39m[90m.[39m[90m.[39m[90m.[39m[90m.[39m[90m.[39m[90m.[39m[90m.[39m[90m.[39m[90m.[39m[90m.[39m[90m.[39m[90m.[39m[90m.[39m[90m.[39m[90m.[39m[90m.[39m[90m.[39m[90m.[39m[90m.[39m[90m.[39m[90m.[39m[90m.[39m[90m.[39m[90m.[39m[90m.[39m[90m.[39m[90m.[39m[90m.[39m[90m.[39m[90m.[39m[90m.[39m[90m.[39m[90m.[39m[90m.[39m[90m.[39m[90m.[39m[90m.[39m[90m.[39m[90m.[39m[90m.[39m[90m.[39m[90m.[39m[90m.[39m [32;1mDONE[39;22m
  nunomaduro/collision [90m.[39m[90m.[39m[90m.[39m[90m.[39m[90m.[39m[90m.[39m[90m.[39m[90m.[39m[90m.[39m[90m.[39m[90m.[39m[90m.[39m[90m.[39m[90m.[39m[90m.[39m[90m.[39m[90m.[39m[90m.[39m[90m.[39m[90m.[39m[90m.[39m[90m.[39m[90m.[39m[90m.[39m[90m.[39m[90m.[39m[90m.[39m[90m.[39m[90m.[39m[90m.[39m[90m.[39m[90m.[39m[90m.[39m[90m.[39m[90m.[39m[90m.[39m[90m.[39m[90m.[39m[90m.[39m[90m.[39m[90m.[39m[90m.[39m[90m.[39m[90m.[39m[90m.[39m[90m.[39m[90m.[39m[90m.[39m[90m.[39m[90m.[39m [32;1mDONE[39;22m
  nunomaduro/termwind [90m.[39m[90m.[39m[90m.[39m[90m.[39m[90m.[39m[90m.[39m[90m.[39m[90m.[39m[90m.[39m[90m.[39m[90m.[39m[90m.[39m[90m.[39m[90m.[39m[90m.[39m[90m.[39m[90m.[39m[90m.[39m[90m.[39m[90m.[39m[90m.[39m[90m.[39m[90m.[39m[90m.[39m[90m.[39m[90m.[39m[90m.[39m[90m.[39m[90m.[39m[90m.[39m[90m.[39m[90m.[39m[90m.[39m[90m.[39m[90m.[39m[90m.[39m[90m.[39m[90m.[39m[90m.[39m[90m.[39m[90m.[39m[90m.[39m[90m.[39m[90m.[39m[90m.[39m[90m.[39m[90m.[39m[90m.[39m[90m.[39m[90m.[39m[90m.[39m [32;1mDONE[39;22m
  spatie/laravel-ignition [90m.[39m[90m.[39m[90m.[39m[90m.[39m[90m.[39m[90m.[39m[90m.[39m[90m.[39m[90m.[39m[90m.[39m[90m.[39m[90m.[39m[90m.[39m[90m.[39m[90m.[39m[90m.[39m[90m.[39m[90m.[39m[90m.[39m[90m.[39m[90m.[39m[90m.[39m[90m.[39m[90m.[39m[90m.[39m[90m.[39m[90m.[39m[90m.[39m[90m.[39m[90m.[39m[90m.[39m[90m.[39m[90m.[39m[90m.[39m[90m.[39m[90m.[39m[90m.[39m[90m.[39m[90m.[39m[90m.[39m[90m.[39m[90m.[39m[90m.[39m[90m.[39m[90m.[39m[90m.[39m[90m.[39m [32;1mDONE[39;22m

84 packages you are using are looking for funding.
Use the `composer fund` command to find out more!

   INFO  Application key set successfully.  


   INFO  Clearing cached bootstrap files.  

  events ............................................................ 1ms DONE
  views ............................................................. 2ms DONE
  cache ............................................................. 1ms DONE
  route ............................................................. 0ms DONE
  config ............................................................ 0ms DONE
  compiled .......................................................... 1ms DONE

No syntax errors detected in app/Models/PointOfInterest.php
No syntax errors detected in app/Http/Controllers/Admin/PointOfInterestController.php
No syntax errors detected in app/Http/Controllers/Api/V1/PointOfInterestController.php
No syntax errors detected in app/Http/Controllers/Site/MapController.php
No syntax errors detected in database/migrations/2026_07_31_000001_create_points_of_interest_table.php

  GET|HEAD        admin/points-of-interest admin.points-of-interest.index › A…
  POST            admin/points-of-interest admin.points-of-interest.store › A…
  GET|HEAD        admin/points-of-interest/create admin.points-of-interest.cr…
  PUT|PATCH       admin/points-of-interest/{pointOfInterest} admin.points-of-…
  DELETE          admin/points-of-interest/{pointOfInterest} admin.points-of-…
  GET|HEAD        admin/points-of-interest/{pointOfInterest}/edit admin.point…
  GET|HEAD        api/v1/points-of-interest api.v1.points-of-interest.index  …
  GET|HEAD        api/v1/points-of-interest/{pointOfInterest} api.v1.points-o…

                                                            Showing [8] routes


   INFO  Blade templates cached successfully.  

Warning: TTY mode requires /dev/tty to be read/writable.

  [37;41;1m FAIL [39;49;22m[39m Tests\Feature\PointOfInterestTest[39m
  [31;1m⨯[39;22m[39m [2mpublic api returns published points linked to published objects[22m[39m
  [31;1m⨯[39;22m[39m [2munpublished base object hides its points[22m[39m
  [31;1m⨯[39;22m[39m [2mobject show api contains linked points[22m[39m

  [2m---[22m

  [31;1m• Tests\Feature\PointOfInterestTest [39;22m> [31;1mpublic api returns published points linked to published objects[39;22m
  [41;1m PHPUnit\Framework\ExceptionWrapper [49;22m

[39;1m  SQLSTATE[HY000]: General error: 1 no such table: point_of_interests (SQL: insert into "point_of_interests" ("pilgrimage_object_id", "category", "name", "address", "latitude", "longitude", "is_published", "updated_at", "created_at") values (1, parking, Парковка у храма, Москва, рядом с главным входом, 55.7559, 37.6177, 1, 2026-07-31 05:30:11, 2026-07-31 05:30:11))[39;22m

  at [32mvendor/laravel/framework/src/Illuminate/Database/Connection.php[39m:[32m760[39m
    756▕         // If an exception occurs when attempting to run a query, we'll format the error
    757▕         // message to include the bindings with SQL, which will make this exception a
    758▕         // lot more helpful to the developer instead of just the database's errors.
    759▕         catch (Exception $e) {
  ➜ 760▕             throw new QueryException(
    761▕                 $query, $this->prepareBindings($bindings), $e
    762▕             );
    763▕         }
    764▕     }

  [31;1m• Tests\Feature\PointOfInterestTest [39;22m> [31;1munpublished base object hides its points[39;22m
  [41;1m PHPUnit\Framework\ExceptionWrapper [49;22m

[39;1m  SQLSTATE[HY000]: General error: 1 no such table: point_of_interests (SQL: insert into "point_of_interests" ("pilgrimage_object_id", "category", "name", "address", "latitude", "longitude", "is_published", "updated_at", "created_at") values (1, hotel, Гостиница, Москва, 55.7559, 37.6177, 1, 2026-07-31 05:30:11, 2026-07-31 05:30:11))[39;22m

  at [32mvendor/laravel/framework/src/Illuminate/Database/Connection.php[39m:[32m760[39m
    756▕         // If an exception occurs when attempting to run a query, we'll format the error
    757▕         // message to include the bindings with SQL, which will make this exception a
    758▕         // lot more helpful to the developer instead of just the database's errors.
    759▕         catch (Exception $e) {
  ➜ 760▕             throw new QueryException(
    761▕                 $query, $this->prepareBindings($bindings), $e
    762▕             );
    763▕         }
    764▕     }

  [31;1m• Tests\Feature\PointOfInterestTest [39;22m> [31;1mobject show api contains linked points[39;22m
  [41;1m PHPUnit\Framework\ExceptionWrapper [49;22m

[39;1m  SQLSTATE[HY000]: General error: 1 no such table: point_of_interests (SQL: insert into "point_of_interests" ("pilgrimage_object_id", "category", "name", "address", "latitude", "longitude", "is_published", "updated_at", "created_at") values (1, cafe, Трапезная, Москва, 55.7559, 37.6177, 1, 2026-07-31 05:30:11, 2026-07-31 05:30:11))[39;22m

  at [32mvendor/laravel/framework/src/Illuminate/Database/Connection.php[39m:[32m760[39m
    756▕         // If an exception occurs when attempting to run a query, we'll format the error
    757▕         // message to include the bindings with SQL, which will make this exception a
    758▕         // lot more helpful to the developer instead of just the database's errors.
    759▕         catch (Exception $e) {
  ➜ 760▕             throw new QueryException(
    761▕                 $query, $this->prepareBindings($bindings), $e
    762▕             );
    763▕         }
    764▕     }


  [37;1mTests:  [39;22m[31;1m3 failed[39;22m
  [37;1mTime:   [39;22m[39m0.27s[39m


composer_status=0
lint_status=0
route_status=0
view_status=0
test_status=2
