resources/views/site/map.blade.php:6: <link href="https://unpkg.com/maplibre-gl@5/dist/maplibre-gl.css" rel="stylesheet">
resources/views/site/map.blade.php:165: <script src="https://unpkg.com/maplibre-gl@5/dist/maplibre-gl.js"></script>
resources/views/site/layouts/app.blade.php:12: <link href="https://cdn.jsdelivr.net/npm/bootstrap@5.3.3/dist/css/bootstrap.min.css" rel="stylesheet">
resources/views/site/layouts/app.blade.php:13: <link href="https://cdn.jsdelivr.net/npm/bootstrap-icons@1.11.3/font/bootstrap-icons.min.css" rel="stylesheet">
resources/views/site/layouts/app.blade.php:101: <script src="https://cdn.jsdelivr.net/npm/bootstrap@5.3.3/dist/js/bootstrap.bundle.min.js"></script>
resources/views/site/tickets/show.blade.php:38: <script src="https://cdn.jsdelivr.net/npm/qrcodejs@1.0.0/qrcode.min.js"></script>
resources/views/admin/layouts/app.blade.php:8: <link href="https://cdn.jsdelivr.net/npm/bootstrap@5.3.3/dist/css/bootstrap.min.css" rel="stylesheet">
resources/views/admin/layouts/app.blade.php:9: <link href="https://cdn.jsdelivr.net/npm/bootstrap-icons@1.11.3/font/bootstrap-icons.min.css" rel="stylesheet">
resources/views/admin/layouts/app.blade.php:119: <script src="https://cdn.jsdelivr.net/npm/bootstrap@5.3.3/dist/js/bootstrap.bundle.min.js"></script>
resources/views/admin/auth/login.blade.php:7: <link href="https://cdn.jsdelivr.net/npm/bootstrap@5.3.3/dist/css/bootstrap.min.css" rel="stylesheet">
resources/views/admin/auth/login.blade.php:8: <link href="https://cdn.jsdelivr.net/npm/bootstrap-icons@1.11.3/font/bootstrap-icons.min.css" rel="stylesheet">
resources/views/service/tickets/scanner.blade.php:21: <script src="https://unpkg.com/html5-qrcode@2.3.8/html5-qrcode.min.js"></script>
Missing: public/vendor/bootstrap/bootstrap.min.css
Missing: public/vendor/bootstrap/bootstrap.bundle.min.js
Missing: public/vendor/bootstrap-icons/bootstrap-icons.min.css
Missing: public/vendor/maplibre/maplibre-gl.css
Missing: public/vendor/maplibre/maplibre-gl.js
Missing: public/vendor/html5-qrcode/html5-qrcode.min.js
Missing: public/vendor/qrcodejs/qrcode.min.js
Missing: public/vendor/fonts/palomnik-fonts.css
