https://cdn.jsdelivr.net/npm/bootstrap@5.3.3/dist/css/bootstrap.min.css -> public/vendor/bootstrap/bootstrap.min.css (232803 bytes)
https://cdn.jsdelivr.net/npm/bootstrap@5.3.3/dist/css/bootstrap.min.css.map -> public/vendor/bootstrap/bootstrap.min.css.map (589892 bytes)
https://cdn.jsdelivr.net/npm/bootstrap@5.3.3/dist/js/bootstrap.bundle.min.js -> public/vendor/bootstrap/bootstrap.bundle.min.js (80721 bytes)
https://cdn.jsdelivr.net/npm/bootstrap@5.3.3/dist/js/bootstrap.bundle.min.js.map -> public/vendor/bootstrap/bootstrap.bundle.min.js.map (332090 bytes)
https://cdn.jsdelivr.net/npm/bootstrap@5.3.3/LICENSE -> public/vendor/bootstrap/LICENSE.txt (1093 bytes)
https://cdn.jsdelivr.net/npm/bootstrap-icons@1.11.3/font/fonts/bootstrap-icons.woff2?dd67030699838ea613ee6dbda90effa6 -> public/vendor/bootstrap-icons/fonts/bootstrap-icons.woff2 (130396 bytes)
https://cdn.jsdelivr.net/npm/bootstrap-icons@1.11.3/font/fonts/bootstrap-icons.woff?dd67030699838ea613ee6dbda90effa6 -> public/vendor/bootstrap-icons/fonts/bootstrap-icons.woff (176032 bytes)
Traceback (most recent call last):
  File "/tmp/vendor-download.py", line 55, in <module>
    save('https://cdn.jsdelivr.net/npm/bootstrap-icons@1.11.3/LICENSE.md', icons / 'LICENSE.md')
  File "/tmp/vendor-download.py", line 26, in save
    data = fetch(url, binary=True)
           ^^^^^^^^^^^^^^^^^^^^^^^
  File "/tmp/vendor-download.py", line 21, in fetch
    with urlopen(request, timeout=90) as response:
         ^^^^^^^^^^^^^^^^^^^^^^^^^^^^
  File "/usr/lib/python3.12/urllib/request.py", line 215, in urlopen
    return opener.open(url, data, timeout)
           ^^^^^^^^^^^^^^^^^^^^^^^^^^^^^^^
  File "/usr/lib/python3.12/urllib/request.py", line 521, in open
    response = meth(req, response)
               ^^^^^^^^^^^^^^^^^^^
  File "/usr/lib/python3.12/urllib/request.py", line 630, in http_response
    response = self.parent.error(
               ^^^^^^^^^^^^^^^^^^
  File "/usr/lib/python3.12/urllib/request.py", line 559, in error
    return self._call_chain(*args)
           ^^^^^^^^^^^^^^^^^^^^^^^
  File "/usr/lib/python3.12/urllib/request.py", line 492, in _call_chain
    result = func(*args)
             ^^^^^^^^^^^
  File "/usr/lib/python3.12/urllib/request.py", line 639, in http_error_default
    raise HTTPError(req.full_url, code, msg, hdrs, fp)
urllib.error.HTTPError: HTTP Error 404: Not Found
