External frontend assets remain:
resources/views/welcome.blade.php:10: <link href="https://fonts.googleapis.com/css2?family=Nunito:wght@400;600;700&display=swap" rel="stylesheet">
resources/views/site/map.blade.php:6: <link href="https://unpkg.com/maplibre-gl@5/dist/maplibre-gl.css" rel="stylesheet">
resources/views/site/map.blade.php:165: <script src="https://unpkg.com/maplibre-gl@5/dist/maplibre-gl.js"></script>
resources/views/site/layouts/app.blade.php:12: <link rel="preconnect" href="https://fonts.googleapis.com">
resources/views/site/layouts/app.blade.php:13: <link rel="preconnect" href="https://fonts.gstatic.com" crossorigin>
resources/views/site/layouts/app.blade.php:14: <link href="https://fonts.googleapis.com/css2?family=Inter:wght@400;500;600;700&family=Prata&display=swap" rel="stylesheet">
resources/views/site/layouts/app.blade.php:15: <link href="https://cdn.jsdelivr.net/npm/bootstrap@5.3.3/dist/css/bootstrap.min.css" rel="stylesheet">
resources/views/site/layouts/app.blade.php:16: <link href="https://cdn.jsdelivr.net/npm/bootstrap-icons@1.11.3/font/bootstrap-icons.min.css" rel="stylesheet">
resources/views/site/layouts/app.blade.php:104: <script src="https://cdn.jsdelivr.net/npm/bootstrap@5.3.3/dist/js/bootstrap.bundle.min.js"></script>
resources/views/site/tickets/show.blade.php:38: <script src="https://cdn.jsdelivr.net/npm/qrcodejs@1.0.0/qrcode.min.js"></script>
resources/views/admin/layouts/app.blade.php:8: <link rel="preconnect" href="https://fonts.googleapis.com">
resources/views/admin/layouts/app.blade.php:9: <link rel="preconnect" href="https://fonts.gstatic.com" crossorigin>
resources/views/admin/layouts/app.blade.php:10: <link href="https://fonts.googleapis.com/css2?family=Inter:wght@400;500;600;700&family=Prata&display=swap" rel="stylesheet">
resources/views/admin/layouts/app.blade.php:11: <link href="https://cdn.jsdelivr.net/npm/bootstrap@5.3.3/dist/css/bootstrap.min.css" rel="stylesheet">
resources/views/admin/layouts/app.blade.php:12: <link href="https://cdn.jsdelivr.net/npm/bootstrap-icons@1.11.3/font/bootstrap-icons.min.css" rel="stylesheet">
resources/views/admin/layouts/app.blade.php:122: <script src="https://cdn.jsdelivr.net/npm/bootstrap@5.3.3/dist/js/bootstrap.bundle.min.js"></script>
resources/views/admin/auth/login.blade.php:7: <link rel="preconnect" href="https://fonts.googleapis.com">
resources/views/admin/auth/login.blade.php:8: <link rel="preconnect" href="https://fonts.gstatic.com" crossorigin>
resources/views/admin/auth/login.blade.php:9: <link href="https://fonts.googleapis.com/css2?family=Inter:wght@400;500;600;700&family=Prata&display=swap" rel="stylesheet">
resources/views/admin/auth/login.blade.php:10: <link href="https://cdn.jsdelivr.net/npm/bootstrap@5.3.3/dist/css/bootstrap.min.css" rel="stylesheet">
resources/views/admin/auth/login.blade.php:11: <link href="https://cdn.jsdelivr.net/npm/bootstrap-icons@1.11.3/font/bootstrap-icons.min.css" rel="stylesheet">
resources/views/service/tickets/scanner.blade.php:21: <script src="https://unpkg.com/html5-qrcode@2.3.8/html5-qrcode.min.js"></script>
