https://cdn.jsdelivr.net/npm/bootstrap@5.3.3/dist/css/bootstrap.min.css -> public/vendor/bootstrap/bootstrap.min.css 232803
https://cdn.jsdelivr.net/npm/bootstrap@5.3.3/dist/css/bootstrap.min.css.map -> public/vendor/bootstrap/bootstrap.min.css.map 589892
https://cdn.jsdelivr.net/npm/bootstrap@5.3.3/dist/js/bootstrap.bundle.min.js -> public/vendor/bootstrap/bootstrap.bundle.min.js 80721
https://cdn.jsdelivr.net/npm/bootstrap@5.3.3/dist/js/bootstrap.bundle.min.js.map -> public/vendor/bootstrap/bootstrap.bundle.min.js.map 332090
https://cdn.jsdelivr.net/npm/bootstrap@5.3.3/LICENSE -> public/vendor/bootstrap/LICENSE.txt 1093
https://cdn.jsdelivr.net/npm/bootstrap-icons@1.11.3/font/fonts/bootstrap-icons.woff2?dd67030699838ea613ee6dbda90effa6 -> public/vendor/bootstrap-icons/fonts/bootstrap-icons.woff2 130396
https://cdn.jsdelivr.net/npm/bootstrap-icons@1.11.3/font/fonts/bootstrap-icons.woff?dd67030699838ea613ee6dbda90effa6 -> public/vendor/bootstrap-icons/fonts/bootstrap-icons.woff 176032
https://cdn.jsdelivr.net/npm/bootstrap-icons@1.11.3/LICENSE -> public/vendor/bootstrap-icons/LICENSE.txt 1093
https://unpkg.com/maplibre-gl@5/dist/maplibre-gl.css -> public/vendor/maplibre/maplibre-gl.css 70024
https://unpkg.com/maplibre-gl@5/dist/maplibre-gl.js -> public/vendor/maplibre/maplibre-gl.js 1056837
https://unpkg.com/maplibre-gl@5/dist/maplibre-gl.js.map -> public/vendor/maplibre/maplibre-gl.js.map 5929379
https://unpkg.com/maplibre-gl@5/LICENSE.txt -> public/vendor/maplibre/LICENSE.txt 5984
https://unpkg.com/html5-qrcode@2.3.8/html5-qrcode.min.js -> public/vendor/html5-qrcode/html5-qrcode.min.js 375364
https://unpkg.com/html5-qrcode@2.3.8/LICENSE -> public/vendor/html5-qrcode/LICENSE.txt 11361
https://cdn.jsdelivr.net/npm/qrcodejs@1.0.0/qrcode.min.js -> public/vendor/qrcodejs/qrcode.min.js 19927
https://cdn.jsdelivr.net/npm/qrcodejs@1.0.0/LICENSE -> public/vendor/qrcodejs/LICENSE.txt 1111
https://fonts.gstatic.com/s/inter/v20/UcC73FwrK3iLTeHuS_nVMrMxCp50SjIa0ZL7SUc.woff2 -> public/vendor/fonts/files/1e8edb2fc100b7f74bc3269a.woff2 18748
https://fonts.gstatic.com/s/inter/v20/UcC73FwrK3iLTeHuS_nVMrMxCp50SjIa1ZL7.woff2 -> public/vendor/fonts/files/e3237528af752eed937e7103.woff2 48256
https://fonts.gstatic.com/s/inter/v20/UcC73FwrK3iLTeHuS_nVMrMxCp50SjIa1pL7SUc.woff2 -> public/vendor/fonts/files/dbc85b0dfbaaa3152a6b1a95.woff2 18996
https://fonts.gstatic.com/s/inter/v20/UcC73FwrK3iLTeHuS_nVMrMxCp50SjIa25L7SUc.woff2 -> public/vendor/fonts/files/a9d11b3ffe7aa5371e2b2deb.woff2 85068
https://fonts.gstatic.com/s/inter/v20/UcC73FwrK3iLTeHuS_nVMrMxCp50SjIa2JL7SUc.woff2 -> public/vendor/fonts/files/95b9ea830580b57efca1e8c3.woff2 25960
https://fonts.gstatic.com/s/inter/v20/UcC73FwrK3iLTeHuS_nVMrMxCp50SjIa2ZL7SUc.woff2 -> public/vendor/fonts/files/6d0a674525fee3ddd7699903.woff2 11232
https://fonts.gstatic.com/s/inter/v20/UcC73FwrK3iLTeHuS_nVMrMxCp50SjIa2pL7SUc.woff2 -> public/vendor/fonts/files/4c2d4a14f23a8ed5085793ff.woff2 10252
https://fonts.gstatic.com/s/prata/v22/6xKhdSpbNNCT-sWACm7JLQ.woff2 -> public/vendor/fonts/files/1311f14492e03424d775e922.woff2 7396
https://fonts.gstatic.com/s/prata/v22/6xKhdSpbNNCT-sWCCm7JLQ.woff2 -> public/vendor/fonts/files/ef6819bd68d8e3100a49ebb1.woff2 12868
https://fonts.gstatic.com/s/prata/v22/6xKhdSpbNNCT-sWLCm7JLQ.woff2 -> public/vendor/fonts/files/79865113534187436436e2c3.woff2 13132
https://fonts.gstatic.com/s/prata/v22/6xKhdSpbNNCT-sWPCm4.woff2 -> public/vendor/fonts/files/7b7be9655b5233dc5051586a.woff2 19224
https://fonts.gstatic.com/s/nunito/v32/XRXV3I6Li01BKofIMeaBXso.woff2 -> public/vendor/fonts/files/e27c36ebbec73d86f6cc33ba.woff2 20776
https://fonts.gstatic.com/s/nunito/v32/XRXV3I6Li01BKofINeaB.woff2 -> public/vendor/fonts/files/fd8b8aea8febbcde81438ec1.woff2 39128
https://fonts.gstatic.com/s/nunito/v32/XRXV3I6Li01BKofIO-aBXso.woff2 -> public/vendor/fonts/files/eee3d959d289e915d0920079.woff2 35588
https://fonts.gstatic.com/s/nunito/v32/XRXV3I6Li01BKofIOOaBXso.woff2 -> public/vendor/fonts/files/75ab0de1fa44d8f5f8198877.woff2 28928
https://fonts.gstatic.com/s/nunito/v32/XRXV3I6Li01BKofIOuaBXso.woff2 -> public/vendor/fonts/files/e3bcd326fecf7a42855b76e8.woff2 13096
